<?xml version="1.0" encoding="UTF-8"?>
<testsuites name="jest tests" tests="9" failures="0" time="2.138">
  <testsuite name="undefined" errors="0" failures="0" skipped="0" timestamp="2019-10-18T19:28:36" time="0.696" tests="1">
    <testcase classname=" renders without crashing" name=" renders without crashing" time="0.088">
    </testcase>
  </testsuite>
  <testsuite name="Button" errors="0" failures="0" skipped="0" timestamp="2019-10-18T19:28:37" time="0.119" tests="2">
    <testcase classname="Button renders without crashing" name="Button renders without crashing" time="0.013">
    </testcase>
    <testcase classname="Button renders without loading" name="Button renders without loading" time="0.001">
    </testcase>
  </testsuite>
  <testsuite name="Input" errors="0" failures="0" skipped="0" timestamp="2019-10-18T19:28:37" time="0.081" tests="2">
    <testcase classname="Input renders without crashing" name="Input renders without crashing" time="0.003">
    </testcase>
    <testcase classname="Input renders with prefix" name="Input renders with prefix" time="0.001">
    </testcase>
  </testsuite>
  <testsuite name="Spin" errors="0" failures="0" skipped="0" timestamp="2019-10-18T19:28:37" time="0.071" tests="1">
    <testcase classname="Spin renders without crashing" name="Spin renders without crashing" time="0.002">
    </testcase>
  </testsuite>
  <testsuite name="Headline" errors="0" failures="0" skipped="0" timestamp="2019-10-18T19:28:37" time="0.077" tests="2">
    <testcase classname="Headline renders without crashing" name="Headline renders without crashing" time="0.002">
    </testcase>
    <testcase classname="Headline renders with correct tag" name="Headline renders with correct tag" time="0.001">
    </testcase>
  </testsuite>
  <testsuite name="InputGroup" errors="0" failures="0" skipped="0" timestamp="2019-10-18T19:28:37" time="0.066" tests="1">
    <testcase classname="InputGroup renders without crashing" name="InputGroup renders without crashing" time="0.003">
    </testcase>
  </testsuite>
</testsuites>